Input file: test8.ss
   1: ;; Project 3 Test 8
   2: 
   3: (define (insert_last ls v)
   4:         (if (list? ls)
   5:         	(if (null? ls)
   6:                 	(cons v '())
   7:                 	(cons (car ls) (insert_last (cdr ls) v))
   8: 		)
   9:         	'first_argument_of_insert_last_must_be_a_list
  10: 	)
  11: )
  12: 
  13: (define (list_reverse ls)
  14:         (if (list? ls)
  15:             	(if (null? ls)
  16:                 	'()
  17:                 	(insert_last (list_reverse (cdr ls)) (car ls))
  18: 		)
  19:             	'list_reverse_requires_a_list_argument)
  20: )
  21: 
  22: (define (main)
  23: 	(display (list_reverse '(indentifier numeric literal cons if display newline
  24:         			 cddr and or not define number? symbol list? zero?
  25: 				 null? modulo string? + - / * = > < >= <= 'anything
  26: 				 1 1.01 "HelloWorld")))
  27: 	(newline)
  28: 	(display (cons 'a 'b)) (newline)
  29: )
Error at 29,2: 'LPAREN_T' expected 
Error at 29,2: '' unexpected 
Error at 29,2: '' unexpected 
3 errors found in input file
