Input file: test9.ss
   1: ;; Project 3 Test 9
   2: 
   3: (define (cond_ex_1 choice value)
   4:     (cond ((= choice 1) value)
   5: 	  ((= choice 2) (* value value))
   6: 	  ((= choice 3) (if (= value 0)
   7: 				"Division by 0 not defined"
   8: 				(/ 1 value)
   9: 			))
  10: 	  (else 0)
  11:     )
  12: )
  13: 
  14: (define (square n)
  15:         (if (number? n)
  16: 		(* n n)
  17:                 'invalid_parameter
  18:         )
  19: )
  20: 
  21: (define (reciprocal n)
  22:         (if (and (number? n) (not (= n 0)))
  23:                 (/ 1 n)
  24:                 'invalid_parameter
  25:         )
  26: )
  27: 
  28: (define (cond_ex_2 choice value)
  29:     (cond ((= choice 1) value)
  30: 	  ((= choice 2) (square value))
  31: 	  ((= choice 3) (reciprocal value))
  32: 	  (else 0)
  33:     )
  34: )
  35: 
  36: (define (main)
  37: 	(display (cond_ex_1 1 5.0)) (newline)
  38: 	(display (cond_ex_1 1 -7.0)) (newline)
  39: 	(display (cond_ex_1 2 5.0)) (newline)
  40: 	(display (cond_ex_1 2 -7.0)) (newline)
  41: 	(display (cond_ex_1 3 5.0)) (newline)
  42: 	(display (cond_ex_1 3 -7.0)) (newline)
  43: 	(display (cond_ex_1 3 0)) (newline)
  44: 	(display (cond_ex_1 -1 5.0)) (newline)
  45: 	(display (cond_ex_2 1 5.0)) (newline)
  46: 	(display (cond_ex_2 1 -7.0)) (newline)
  47: 	(display (cond_ex_2 2 5.0)) (newline)
  48: 	(display (cond_ex_2 2 -7.0)) (newline)
  49: 	(display (cond_ex_2 3 5.0)) (newline)
  50: 	(display (cond_ex_2 3 -7.0)) (newline)
  51: 	(display (cond_ex_2 3 0)) (newline)
  52: 	(display (cond_ex_2 -1 5.0)) (newline)
  53: )
  54: 
  55: (main)
0 errors found in input file
